OpenJDK 64-Bit Server VM (24.111-b01) for linux-amd64 JRE (1.7.0_111-b01), built on Aug 12 2016 05:30:29 by "buildd" with gcc 4.8.4
Memory: 4k page, physical 2049876k(426016k free), swap 0k(0k free)
CommandLine flags: -XX:+DisableExplicitGC -XX:InitialHeapSize=1073741824 -XX:InitiatingHeapOccupancyPercent=35 -XX:+ManagementServer -XX:MaxGCPauseMillis=20 -XX:MaxHeapSize=1073741824 -XX:+PrintGC -XX:+PrintGCDateStamps -XX:+PrintGCDetails -XX:+PrintGCTimeStamps -XX:+UseCompressedOops -XX:+UseG1GC 
2016-09-16T10:21:10.843+0200: 1.568: [GC pause (young), 0.0228780 secs]
   [Parallel Time: 15.1 ms, GC Workers: 2]
      [GC Worker Start (ms): Min: 1568.0, Avg: 1569.6, Max: 1571.3, Diff: 3.3]
      [Ext Root Scanning (ms): Min: 3.7, Avg: 4.1, Max: 4.5, Diff: 0.8, Sum: 8.2]
      [Update RS (ms): Min: 0.0, Avg: 0.0, Max: 0.0, Diff: 0.0, Sum: 0.0]
         [Processed Buffers: Min: 0, Avg: 7.0, Max: 14, Diff: 14, Sum: 14]
      [Scan RS (ms): Min: 0.0, Avg: 0.1, Max: 0.1, Diff: 0.1, Sum: 0.1]
      [Code Root Scanning (ms): Min: 0.0, Avg: 0.0, Max: 0.1, Diff: 0.1, Sum: 0.1]
      [Object Copy (ms): Min: 7.2, Avg: 9.1, Max: 11.1, Diff: 3.9, Sum: 18.2]
      [Termination (ms): Min: 0.0, Avg: 0.0, Max: 0.1, Diff: 0.0, Sum: 0.1]
      [GC Worker Other (ms): Min: 0.0, Avg: 0.0, Max: 0.0, Diff: 0.0, Sum: 0.1]
      [GC Worker Total (ms): Min: 11.7, Avg: 13.4, Max: 15.0, Diff: 3.3, Sum: 26.7]
      [GC Worker End (ms): Min: 1583.0, Avg: 1583.0, Max: 1583.0, Diff: 0.0]
   [Code Root Fixup: 0.0 ms]
   [Code Root Migration: 0.0 ms]
   [Clear CT: 0.2 ms]
   [Other: 7.5 ms]
      [Choose CSet: 0.0 ms]
      [Ref Proc: 7.3 ms]
      [Ref Enq: 0.0 ms]
      [Free CSet: 0.0 ms]
   [Eden: 51.0M(51.0M)->0.0B(44.0M) Survivors: 0.0B->7168.0K Heap: 179.0M(1024.0M)->136.2M(1024.0M)]
 [Times: user=0.04 sys=0.00, real=0.02 secs] 
2016-09-16T10:25:12.229+0200: 242.954: [GC pause (young), 0.0096670 secs]
   [Parallel Time: 7.7 ms, GC Workers: 2]
      [GC Worker Start (ms): Min: 242954.2, Avg: 242954.2, Max: 242954.3, Diff: 0.1]
      [Ext Root Scanning (ms): Min: 3.4, Avg: 3.5, Max: 3.6, Diff: 0.2, Sum: 7.0]
      [Update RS (ms): Min: 0.0, Avg: 0.0, Max: 0.0, Diff: 0.0, Sum: 0.0]
         [Processed Buffers: Min: 0, Avg: 15.5, Max: 31, Diff: 31, Sum: 31]
      [Scan RS (ms): Min: 0.0, Avg: 0.1, Max: 0.2, Diff: 0.1, Sum: 0.2]
      [Code Root Scanning (ms): Min: 0.0, Avg: 0.0, Max: 0.1, Diff: 0.0, Sum: 0.1]
      [Object Copy (ms): Min: 3.9, Avg: 3.9, Max: 3.9, Diff: 0.0, Sum: 7.9]
      [Termination (ms): Min: 0.0, Avg: 0.0, Max: 0.0, Diff: 0.0, Sum: 0.0]
      [GC Worker Other (ms): Min: 0.0, Avg: 0.0, Max: 0.0, Diff: 0.0, Sum: 0.0]
      [GC Worker Total (ms): Min: 7.6, Avg: 7.6, Max: 7.6, Diff: 0.1, Sum: 15.2]
      [GC Worker End (ms): Min: 242961.9, Avg: 242961.9, Max: 242961.9, Diff: 0.0]
   [Code Root Fixup: 0.0 ms]
   [Code Root Migration: 0.0 ms]
   [Clear CT: 0.2 ms]
   [Other: 1.7 ms]
      [Choose CSet: 0.0 ms]
      [Ref Proc: 1.5 ms]
      [Ref Enq: 0.0 ms]
      [Free CSet: 0.0 ms]
   [Eden: 44.0M(44.0M)->0.0B(44.0M) Survivors: 7168.0K->7168.0K Heap: 180.2M(1024.0M)->137.5M(1024.0M)]
 [Times: user=0.02 sys=0.00, real=0.01 secs] 
